// Jest Snapshot v1, https://goo.gl/fbAQLP

exports[`<HomeScreen /> renders correctly 1`] = `
<View>
  <View>
    <RCTScrollView
      contentContainerStyle={
        Object {
          "alignItems": "left",
          "backgroundColor": "white",
          "color": "#20232a",
          "fontSize": 30,
          "fontWeight": "bold",
          "justifyContent": "center",
          "marginTop": 0,
          "minHeight": "100%",
          "paddingVertical": 10,
          "textAlign": "center",
        }
      }
      data={
        Array [
          Object {
            "cell": "(922)-089-2553",
            "dob": Object {
              "age": 60,
              "date": "1961-07-02T11:30:43.362Z",
            },
            "email": "jayden.wright@example.com",
            "gender": "male",
            "id": Object {
              "name": "",
              "value": null,
            },
            "location": Object {
              "city": "Greymouth",
              "coordinates": Object {
                "latitude": "59.4358",
                "longitude": "-132.8011",
              },
              "country": "New Zealand",
              "postcode": 77196,
              "state": "Hawke'S Bay",
              "street": Object {
                "name": "The Strand",
                "number": 3056,
              },
              "timezone": Object {
                "description": "Abu Dhabi, Muscat, Baku, Tbilisi",
                "offset": "+4:00",
              },
            },
            "name": Object {
              "first": "Jayden",
              "last": "Wright",
              "title": "Mr",
            },
            "nat": "NZ",
            "phone": "(925)-411-2191",
            "picture": Object {
              "large": "https://randomuser.me/api/portraits/men/34.jpg",
              "medium": "https://randomuser.me/api/portraits/med/men/34.jpg",
              "thumbnail": "https://randomuser.me/api/portraits/thumb/men/34.jpg",
            },
            "registered": Object {
              "age": 19,
              "date": "2002-06-01T06:31:35.197Z",
            },
          },
          Object {
            "cell": "0932-747-9434",
            "dob": Object {
              "age": 73,
              "date": "1948-06-30T10:01:39.320Z",
            },
            "email": "nym.nkwnzr@example.com",
            "gender": "male",
            "id": Object {
              "name": "",
              "value": null,
            },
            "location": Object {
              "city": "قدس",
              "coordinates": Object {
                "latitude": "73.3376",
                "longitude": "-113.4220",
              },
              "country": "Iran",
              "postcode": 40688,
              "state": "کرمانشاه",
              "street": Object {
                "name": "شهید علی باستانی",
                "number": 890,
              },
              "timezone": Object {
                "description": "Azores, Cape Verde Islands",
                "offset": "-1:00",
              },
            },
            "name": Object {
              "first": "نيما",
              "last": "نكو نظر",
              "title": "Mr",
            },
            "nat": "IR",
            "phone": "022-25233625",
            "picture": Object {
              "large": "https://randomuser.me/api/portraits/men/45.jpg",
              "medium": "https://randomuser.me/api/portraits/med/men/45.jpg",
              "thumbnail": "https://randomuser.me/api/portraits/thumb/men/45.jpg",
            },
            "registered": Object {
              "age": 15,
              "date": "2006-11-26T06:09:28.044Z",
            },
          },
          Object {
            "cell": "(937)-842-9511",
            "dob": Object {
              "age": 53,
              "date": "1968-06-09T09:32:51.919Z",
            },
            "email": "leah.thompson@example.com",
            "gender": "female",
            "id": Object {
              "name": "",
              "value": null,
            },
            "location": Object {
              "city": "Invercargill",
              "coordinates": Object {
                "latitude": "80.9298",
                "longitude": "-154.4077",
              },
              "country": "New Zealand",
              "postcode": 55824,
              "state": "Waikato",
              "street": Object {
                "name": "Tennent Drive",
                "number": 5882,
              },
              "timezone": Object {
                "description": "Almaty, Dhaka, Colombo",
                "offset": "+6:00",
              },
            },
            "name": Object {
              "first": "Leah",
              "last": "Thompson",
              "title": "Ms",
            },
            "nat": "NZ",
            "phone": "(293)-768-9728",
            "picture": Object {
              "large": "https://randomuser.me/api/portraits/women/18.jpg",
              "medium": "https://randomuser.me/api/portraits/med/women/18.jpg",
              "thumbnail": "https://randomuser.me/api/portraits/thumb/women/18.jpg",
            },
            "registered": Object {
              "age": 18,
              "date": "2003-10-21T14:15:17.102Z",
            },
          },
          Object {
            "cell": "0176-1861104",
            "dob": Object {
              "age": 44,
              "date": "1977-06-14T14:10:14.493Z",
            },
            "email": "alfred.raupach@example.com",
            "gender": "male",
            "id": Object {
              "name": "",
              "value": null,
            },
            "location": Object {
              "city": "Waldshut",
              "coordinates": Object {
                "latitude": "1.6490",
                "longitude": "169.7064",
              },
              "country": "Germany",
              "postcode": 92896,
              "state": "Mecklenburg-Vorpommern",
              "street": Object {
                "name": "Wiesenstraße",
                "number": 3899,
              },
              "timezone": Object {
                "description": "Ekaterinburg, Islamabad, Karachi, Tashkent",
                "offset": "+5:00",
              },
            },
            "name": Object {
              "first": "Alfred",
              "last": "Raupach",
              "title": "Mr",
            },
            "nat": "DE",
            "phone": "0161-4662250",
            "picture": Object {
              "large": "https://randomuser.me/api/portraits/men/88.jpg",
              "medium": "https://randomuser.me/api/portraits/med/men/88.jpg",
              "thumbnail": "https://randomuser.me/api/portraits/thumb/men/88.jpg",
            },
            "registered": Object {
              "age": 17,
              "date": "2004-10-25T02:19:35.488Z",
            },
          },
          Object {
            "cell": "0977-498-9964",
            "dob": Object {
              "age": 69,
              "date": "1952-12-27T17:48:57.405Z",
            },
            "email": "tyn.hsyny@example.com",
            "gender": "female",
            "id": Object {
              "name": "",
              "value": null,
            },
            "location": Object {
              "city": "خرم‌آباد",
              "coordinates": Object {
                "latitude": "1.6945",
                "longitude": "-124.2896",
              },
              "country": "Iran",
              "postcode": 45832,
              "state": "خراسان رضوی",
              "street": Object {
                "name": "شهید بهشتی",
                "number": 5497,
              },
              "timezone": Object {
                "description": "Central Time (US & Canada), Mexico City",
                "offset": "-6:00",
              },
            },
            "name": Object {
              "first": "تینا",
              "last": "حسینی",
              "title": "Mrs",
            },
            "nat": "IR",
            "phone": "041-92128701",
            "picture": Object {
              "large": "https://randomuser.me/api/portraits/women/57.jpg",
              "medium": "https://randomuser.me/api/portraits/med/women/57.jpg",
              "thumbnail": "https://randomuser.me/api/portraits/thumb/women/57.jpg",
            },
            "registered": Object {
              "age": 10,
              "date": "2011-07-04T08:33:39.543Z",
            },
          },
          Object {
            "cell": "06-87-61-97-32",
            "dob": Object {
              "age": 26,
              "date": "1995-03-08T12:02:23.658Z",
            },
            "email": "melvin.picard@example.com",
            "gender": "male",
            "id": Object {
              "name": "INSEE",
              "value": "1NNaN09911117 76",
            },
            "location": Object {
              "city": "Rouen",
              "coordinates": Object {
                "latitude": "23.8861",
                "longitude": "-97.1838",
              },
              "country": "France",
              "postcode": 95819,
              "state": "Bas-Rhin",
              "street": Object {
                "name": "Rue Gasparin",
                "number": 2077,
              },
              "timezone": Object {
                "description": "Newfoundland",
                "offset": "-3:30",
              },
            },
            "name": Object {
              "first": "Melvin",
              "last": "Picard",
              "title": "Mr",
            },
            "nat": "FR",
            "phone": "03-49-23-17-66",
            "picture": Object {
              "large": "https://randomuser.me/api/portraits/men/35.jpg",
              "medium": "https://randomuser.me/api/portraits/med/men/35.jpg",
              "thumbnail": "https://randomuser.me/api/portraits/thumb/men/35.jpg",
            },
            "registered": Object {
              "age": 3,
              "date": "2018-06-08T16:54:31.780Z",
            },
          },
          Object {
            "cell": "(825)-419-1840",
            "dob": Object {
              "age": 48,
              "date": "1973-11-24T23:39:32.781Z",
            },
            "email": "sharella.depater@example.com",
            "gender": "female",
            "id": Object {
              "name": "BSN",
              "value": "85210436",
            },
            "location": Object {
              "city": "Abbega",
              "coordinates": Object {
                "latitude": "-85.3121",
                "longitude": "-92.1244",
              },
              "country": "Netherlands",
              "postcode": 74094,
              "state": "Gelderland",
              "street": Object {
                "name": "2e Poellaan",
                "number": 1770,
              },
              "timezone": Object {
                "description": "Western Europe Time, London, Lisbon, Casablanca",
                "offset": "0:00",
              },
            },
            "name": Object {
              "first": "Sharella",
              "last": "De Pater",
              "title": "Miss",
            },
            "nat": "NL",
            "phone": "(510)-838-1115",
            "picture": Object {
              "large": "https://randomuser.me/api/portraits/women/68.jpg",
              "medium": "https://randomuser.me/api/portraits/med/women/68.jpg",
              "thumbnail": "https://randomuser.me/api/portraits/thumb/women/68.jpg",
            },
            "registered": Object {
              "age": 19,
              "date": "2002-10-02T16:02:03.001Z",
            },
          },
          Object {
            "cell": "0777-877-959",
            "dob": Object {
              "age": 73,
              "date": "1948-12-12T23:08:49.345Z",
            },
            "email": "kayla.berry@example.com",
            "gender": "female",
            "id": Object {
              "name": "NINO",
              "value": "AA 84 62 33 B",
            },
            "location": Object {
              "city": "St Davids",
              "coordinates": Object {
                "latitude": "-69.8446",
                "longitude": "163.2786",
              },
              "country": "United Kingdom",
              "postcode": "PY2 6PA",
              "state": "Tayside",
              "street": Object {
                "name": "Fairview Road",
                "number": 4358,
              },
              "timezone": Object {
                "description": "Pacific Time (US & Canada)",
                "offset": "-8:00",
              },
            },
            "name": Object {
              "first": "Kayla",
              "last": "Berry",
              "title": "Miss",
            },
            "nat": "GB",
            "phone": "0113388 352 8107",
            "picture": Object {
              "large": "https://randomuser.me/api/portraits/women/1.jpg",
              "medium": "https://randomuser.me/api/portraits/med/women/1.jpg",
              "thumbnail": "https://randomuser.me/api/portraits/thumb/women/1.jpg",
            },
            "registered": Object {
              "age": 18,
              "date": "2003-09-28T16:14:40.117Z",
            },
          },
          Object {
            "cell": "46500984",
            "dob": Object {
              "age": 59,
              "date": "1962-05-05T09:44:16.369Z",
            },
            "email": "selma.petersen@example.com",
            "gender": "female",
            "id": Object {
              "name": "CPR",
              "value": "050562-0276",
            },
            "location": Object {
              "city": "Nykøbing Sj.",
              "coordinates": Object {
                "latitude": "-52.4552",
                "longitude": "-153.8781",
              },
              "country": "Denmark",
              "postcode": 93174,
              "state": "Midtjylland",
              "street": Object {
                "name": "Saturnvej",
                "number": 4915,
              },
              "timezone": Object {
                "description": "Kathmandu",
                "offset": "+5:45",
              },
            },
            "name": Object {
              "first": "Selma",
              "last": "Petersen",
              "title": "Mrs",
            },
            "nat": "DK",
            "phone": "09142282",
            "picture": Object {
              "large": "https://randomuser.me/api/portraits/women/23.jpg",
              "medium": "https://randomuser.me/api/portraits/med/women/23.jpg",
              "thumbnail": "https://randomuser.me/api/portraits/thumb/women/23.jpg",
            },
            "registered": Object {
              "age": 14,
              "date": "2007-01-24T14:03:43.688Z",
            },
          },
          Object {
            "cell": "(080)-290-2154",
            "dob": Object {
              "age": 43,
              "date": "1978-10-14T12:17:18.825Z",
            },
            "email": "juanita.griffin@example.com",
            "gender": "female",
            "id": Object {
              "name": "SSN",
              "value": "072-41-4862",
            },
            "location": Object {
              "city": "Eureka",
              "coordinates": Object {
                "latitude": "-64.7095",
                "longitude": "14.6421",
              },
              "country": "United States",
              "postcode": 30928,
              "state": "Utah",
              "street": Object {
                "name": "Oak Lawn Ave",
                "number": 9785,
              },
              "timezone": Object {
                "description": "Brazil, Buenos Aires, Georgetown",
                "offset": "-3:00",
              },
            },
            "name": Object {
              "first": "Juanita",
              "last": "Griffin",
              "title": "Mrs",
            },
            "nat": "US",
            "phone": "(576)-957-8200",
            "picture": Object {
              "large": "https://randomuser.me/api/portraits/women/35.jpg",
              "medium": "https://randomuser.me/api/portraits/med/women/35.jpg",
              "thumbnail": "https://randomuser.me/api/portraits/thumb/women/35.jpg",
            },
            "registered": Object {
              "age": 8,
              "date": "2013-06-25T22:59:12.267Z",
            },
          },
          Object {
            "cell": "081-148-7961",
            "dob": Object {
              "age": 71,
              "date": "1950-07-04T02:05:34.680Z",
            },
            "email": "keith.murray@example.com",
            "gender": "male",
            "id": Object {
              "name": "PPS",
              "value": "7023822T",
            },
            "location": Object {
              "city": "Donabate",
              "coordinates": Object {
                "latitude": "86.4906",
                "longitude": "17.6152",
              },
              "country": "Ireland",
              "postcode": 58070,
              "state": "Dún Laoghaire–Rathdown",
              "street": Object {
                "name": "North Street",
                "number": 4248,
              },
              "timezone": Object {
                "description": "Azores, Cape Verde Islands",
                "offset": "-1:00",
              },
            },
            "name": Object {
              "first": "Keith",
              "last": "Murray",
              "title": "Mr",
            },
            "nat": "IE",
            "phone": "021-808-6921",
            "picture": Object {
              "large": "https://randomuser.me/api/portraits/men/74.jpg",
              "medium": "https://randomuser.me/api/portraits/med/men/74.jpg",
              "thumbnail": "https://randomuser.me/api/portraits/thumb/men/74.jpg",
            },
            "registered": Object {
              "age": 8,
              "date": "2013-01-29T07:56:11.771Z",
            },
          },
          Object {
            "cell": "43539293",
            "dob": Object {
              "age": 55,
              "date": "1966-05-18T10:18:39.746Z",
            },
            "email": "freja.moller@example.com",
            "gender": "female",
            "id": Object {
              "name": "CPR",
              "value": "180566-2110",
            },
            "location": Object {
              "city": "Roslev",
              "coordinates": Object {
                "latitude": "-68.8832",
                "longitude": "126.9757",
              },
              "country": "Denmark",
              "postcode": 24794,
              "state": "Nordjylland",
              "street": Object {
                "name": "Købmagergade",
                "number": 673,
              },
              "timezone": Object {
                "description": "Hawaii",
                "offset": "-10:00",
              },
            },
            "name": Object {
              "first": "Freja",
              "last": "Møller",
              "title": "Ms",
            },
            "nat": "DK",
            "phone": "61361979",
            "picture": Object {
              "large": "https://randomuser.me/api/portraits/women/20.jpg",
              "medium": "https://randomuser.me/api/portraits/med/women/20.jpg",
              "thumbnail": "https://randomuser.me/api/portraits/thumb/women/20.jpg",
            },
            "registered": Object {
              "age": 10,
              "date": "2011-04-18T00:01:57.259Z",
            },
          },
          Object {
            "cell": "0179-7619664",
            "dob": Object {
              "age": 62,
              "date": "1959-11-08T00:52:11.722Z",
            },
            "email": "lorenz.hugel@example.com",
            "gender": "male",
            "id": Object {
              "name": "",
              "value": null,
            },
            "location": Object {
              "city": "Schwaigern",
              "coordinates": Object {
                "latitude": "36.7886",
                "longitude": "-41.3780",
              },
              "country": "Germany",
              "postcode": 92177,
              "state": "Niedersachsen",
              "street": Object {
                "name": "Schulstraße",
                "number": 3971,
              },
              "timezone": Object {
                "description": "Tehran",
                "offset": "+3:30",
              },
            },
            "name": Object {
              "first": "Lorenz",
              "last": "Hügel",
              "title": "Mr",
            },
            "nat": "DE",
            "phone": "0007-0519468",
            "picture": Object {
              "large": "https://randomuser.me/api/portraits/men/35.jpg",
              "medium": "https://randomuser.me/api/portraits/med/men/35.jpg",
              "thumbnail": "https://randomuser.me/api/portraits/thumb/men/35.jpg",
            },
            "registered": Object {
              "age": 13,
              "date": "2008-03-19T17:42:11.225Z",
            },
          },
          Object {
            "cell": "(320)-283-8063",
            "dob": Object {
              "age": 49,
              "date": "1972-07-22T08:03:31.112Z",
            },
            "email": "ulku.egeli@example.com",
            "gender": "female",
            "id": Object {
              "name": "",
              "value": null,
            },
            "location": Object {
              "city": "Kastamonu",
              "coordinates": Object {
                "latitude": "-55.9144",
                "longitude": "-4.3892",
              },
              "country": "Turkey",
              "postcode": 49447,
              "state": "Ordu",
              "street": Object {
                "name": "Talak Göktepe Cd",
                "number": 591,
              },
              "timezone": Object {
                "description": "Mountain Time (US & Canada)",
                "offset": "-7:00",
              },
            },
            "name": Object {
              "first": "Ülkü",
              "last": "Egeli",
              "title": "Mrs",
            },
            "nat": "TR",
            "phone": "(594)-165-1489",
            "picture": Object {
              "large": "https://randomuser.me/api/portraits/women/23.jpg",
              "medium": "https://randomuser.me/api/portraits/med/women/23.jpg",
              "thumbnail": "https://randomuser.me/api/portraits/thumb/women/23.jpg",
            },
            "registered": Object {
              "age": 12,
              "date": "2009-08-08T12:08:02.377Z",
            },
          },
          Object {
            "cell": "06-08-95-69-42",
            "dob": Object {
              "age": 24,
              "date": "1997-05-28T14:13:31.521Z",
            },
            "email": "eden.legall@example.com",
            "gender": "female",
            "id": Object {
              "name": "INSEE",
              "value": "2NNaN77317084 64",
            },
            "location": Object {
              "city": "Grenoble",
              "coordinates": Object {
                "latitude": "-27.4518",
                "longitude": "-101.2538",
              },
              "country": "France",
              "postcode": 23350,
              "state": "Drôme",
              "street": Object {
                "name": "Rue Gasparin",
                "number": 9179,
              },
              "timezone": Object {
                "description": "Atlantic Time (Canada), Caracas, La Paz",
                "offset": "-4:00",
              },
            },
            "name": Object {
              "first": "Eden",
              "last": "Le Gall",
              "title": "Ms",
            },
            "nat": "FR",
            "phone": "02-73-53-59-25",
            "picture": Object {
              "large": "https://randomuser.me/api/portraits/women/84.jpg",
              "medium": "https://randomuser.me/api/portraits/med/women/84.jpg",
              "thumbnail": "https://randomuser.me/api/portraits/thumb/women/84.jpg",
            },
            "registered": Object {
              "age": 2,
              "date": "2019-07-28T05:55:50.313Z",
            },
          },
          Object {
            "cell": "081-006-2334",
            "dob": Object {
              "age": 51,
              "date": "1970-01-13T15:24:53.803Z",
            },
            "email": "phoebe.marshall@example.com",
            "gender": "female",
            "id": Object {
              "name": "PPS",
              "value": "0406763T",
            },
            "location": Object {
              "city": "Kinsealy-Drinan",
              "coordinates": Object {
                "latitude": "35.8759",
                "longitude": "-105.0881",
              },
              "country": "Ireland",
              "postcode": 59172,
              "state": "Mayo",
              "street": Object {
                "name": "Church Street",
                "number": 7335,
              },
              "timezone": Object {
                "description": "Magadan, Solomon Islands, New Caledonia",
                "offset": "+11:00",
              },
            },
            "name": Object {
              "first": "Phoebe",
              "last": "Marshall",
              "title": "Ms",
            },
            "nat": "IE",
            "phone": "061-350-2035",
            "picture": Object {
              "large": "https://randomuser.me/api/portraits/women/83.jpg",
              "medium": "https://randomuser.me/api/portraits/med/women/83.jpg",
              "thumbnail": "https://randomuser.me/api/portraits/thumb/women/83.jpg",
            },
            "registered": Object {
              "age": 14,
              "date": "2007-10-16T23:50:26.280Z",
            },
          },
          Object {
            "cell": "40351579",
            "dob": Object {
              "age": 56,
              "date": "1965-10-06T12:23:09.881Z",
            },
            "email": "knut.meling@example.com",
            "gender": "male",
            "id": Object {
              "name": "FN",
              "value": "06106547309",
            },
            "location": Object {
              "city": "Vanvikan",
              "coordinates": Object {
                "latitude": "9.4910",
                "longitude": "-25.1411",
              },
              "country": "Norway",
              "postcode": "0483",
              "state": "Hordaland",
              "street": Object {
                "name": "Thomas Heftyes gate",
                "number": 2386,
              },
              "timezone": Object {
                "description": "Kaliningrad, South Africa",
                "offset": "+2:00",
              },
            },
            "name": Object {
              "first": "Knut",
              "last": "Meling",
              "title": "Mr",
            },
            "nat": "NO",
            "phone": "35185835",
            "picture": Object {
              "large": "https://randomuser.me/api/portraits/men/89.jpg",
              "medium": "https://randomuser.me/api/portraits/med/men/89.jpg",
              "thumbnail": "https://randomuser.me/api/portraits/thumb/men/89.jpg",
            },
            "registered": Object {
              "age": 15,
              "date": "2006-11-11T09:11:16.732Z",
            },
          },
          Object {
            "cell": "0714-127-843",
            "dob": Object {
              "age": 25,
              "date": "1996-01-11T12:38:30.880Z",
            },
            "email": "martha.day@example.com",
            "gender": "female",
            "id": Object {
              "name": "NINO",
              "value": "CB 89 06 03 B",
            },
            "location": Object {
              "city": "Newry",
              "coordinates": Object {
                "latitude": "-2.1049",
                "longitude": "-173.0525",
              },
              "country": "United Kingdom",
              "postcode": "A7F 0NU",
              "state": "Northumberland",
              "street": Object {
                "name": "The Crescent",
                "number": 6997,
              },
              "timezone": Object {
                "description": "Newfoundland",
                "offset": "-3:30",
              },
            },
            "name": Object {
              "first": "Martha",
              "last": "Day",
              "title": "Miss",
            },
            "nat": "GB",
            "phone": "0181 243 7633",
            "picture": Object {
              "large": "https://randomuser.me/api/portraits/women/61.jpg",
              "medium": "https://randomuser.me/api/portraits/med/women/61.jpg",
              "thumbnail": "https://randomuser.me/api/portraits/thumb/women/61.jpg",
            },
            "registered": Object {
              "age": 17,
              "date": "2004-02-04T20:33:39.500Z",
            },
          },
          Object {
            "cell": "(396)-266-7593",
            "dob": Object {
              "age": 73,
              "date": "1948-07-21T07:41:12.930Z",
            },
            "email": "harriet.thomas@example.com",
            "gender": "female",
            "id": Object {
              "name": "",
              "value": null,
            },
            "location": Object {
              "city": "Christchurch",
              "coordinates": Object {
                "latitude": "22.9904",
                "longitude": "154.8602",
              },
              "country": "New Zealand",
              "postcode": 37679,
              "state": "Hawke'S Bay",
              "street": Object {
                "name": "Victoria Street",
                "number": 3093,
              },
              "timezone": Object {
                "description": "Hawaii",
                "offset": "-10:00",
              },
            },
            "name": Object {
              "first": "Harriet",
              "last": "Thomas",
              "title": "Mrs",
            },
            "nat": "NZ",
            "phone": "(819)-286-4350",
            "picture": Object {
              "large": "https://randomuser.me/api/portraits/women/70.jpg",
              "medium": "https://randomuser.me/api/portraits/med/women/70.jpg",
              "thumbnail": "https://randomuser.me/api/portraits/thumb/women/70.jpg",
            },
            "registered": Object {
              "age": 13,
              "date": "2008-11-27T20:46:01.831Z",
            },
          },
          Object {
            "cell": "98452299",
            "dob": Object {
              "age": 37,
              "date": "1984-02-01T07:36:49.809Z",
            },
            "email": "noelia.hagelund@example.com",
            "gender": "female",
            "id": Object {
              "name": "FN",
              "value": "01028405096",
            },
            "location": Object {
              "city": "Askjem",
              "coordinates": Object {
                "latitude": "2.9682",
                "longitude": "-71.8690",
              },
              "country": "Norway",
              "postcode": "1833",
              "state": "Nord-Trøndelag",
              "street": Object {
                "name": "Mikkel Revs vei",
                "number": 2708,
              },
              "timezone": Object {
                "description": "Kaliningrad, South Africa",
                "offset": "+2:00",
              },
            },
            "name": Object {
              "first": "Noelia",
              "last": "Hagelund",
              "title": "Mrs",
            },
            "nat": "NO",
            "phone": "57991721",
            "picture": Object {
              "large": "https://randomuser.me/api/portraits/women/74.jpg",
              "medium": "https://randomuser.me/api/portraits/med/women/74.jpg",
              "thumbnail": "https://randomuser.me/api/portraits/thumb/women/74.jpg",
            },
            "registered": Object {
              "age": 17,
              "date": "2004-09-19T19:13:37.767Z",
            },
          },
        ]
      }
      getItem={[Function]}
      getItemCount={[Function]}
      keyExtractor={[Function]}
      onContentSizeChange={[Function]}
      onLayout={[Function]}
      onMomentumScrollBegin={[Function]}
      onMomentumScrollEnd={[Function]}
      onScroll={[Function]}
      onScrollBeginDrag={[Function]}
      onScrollEndDrag={[Function]}
      removeClippedSubviews={false}
      renderItem={[Function]}
      scrollEventThrottle={50}
      stickyHeaderIndices={Array []}
      viewabilityConfigCallbackPairs={Array []}
    >
      <View>
        <View
          onLayout={[Function]}
          style={null}
        >
          <Text
            onPress={[Function]}
            style={
              Object {
                "backgroundColor": "#DBE8D8",
                "borderColor": "black",
                "borderRadius": 6,
                "borderWidth": 2,
                "fontSize": 20,
                "margin": 5,
                "minWidth": "100%",
                "padding": 5,
              }
            }
          >
            Jayden
             Phone : 
            (925)-411-2191
          </Text>
        </View>
        <View
          onLayout={[Function]}
          style={null}
        >
          <Text
            onPress={[Function]}
            style={
              Object {
                "backgroundColor": "#DBE8D8",
                "borderColor": "black",
                "borderRadius": 6,
                "borderWidth": 2,
                "fontSize": 20,
                "margin": 5,
                "minWidth": "100%",
                "padding": 5,
              }
            }
          >
            نيما
             Phone : 
            022-25233625
          </Text>
        </View>
        <View
          onLayout={[Function]}
          style={null}
        >
          <Text
            onPress={[Function]}
            style={
              Object {
                "backgroundColor": "#DBE8D8",
                "borderColor": "black",
                "borderRadius": 6,
                "borderWidth": 2,
                "fontSize": 20,
                "margin": 5,
                "minWidth": "100%",
                "padding": 5,
              }
            }
          >
            Leah
             Phone : 
            (293)-768-9728
          </Text>
        </View>
        <View
          onLayout={[Function]}
          style={null}
        >
          <Text
            onPress={[Function]}
            style={
              Object {
                "backgroundColor": "#DBE8D8",
                "borderColor": "black",
                "borderRadius": 6,
                "borderWidth": 2,
                "fontSize": 20,
                "margin": 5,
                "minWidth": "100%",
                "padding": 5,
              }
            }
          >
            Alfred
             Phone : 
            0161-4662250
          </Text>
        </View>
        <View
          onLayout={[Function]}
          style={null}
        >
          <Text
            onPress={[Function]}
            style={
              Object {
                "backgroundColor": "#DBE8D8",
                "borderColor": "black",
                "borderRadius": 6,
                "borderWidth": 2,
                "fontSize": 20,
                "margin": 5,
                "minWidth": "100%",
                "padding": 5,
              }
            }
          >
            تینا
             Phone : 
            041-92128701
          </Text>
        </View>
        <View
          onLayout={[Function]}
          style={null}
        >
          <Text
            onPress={[Function]}
            style={
              Object {
                "backgroundColor": "#DBE8D8",
                "borderColor": "black",
                "borderRadius": 6,
                "borderWidth": 2,
                "fontSize": 20,
                "margin": 5,
                "minWidth": "100%",
                "padding": 5,
              }
            }
          >
            Melvin
             Phone : 
            03-49-23-17-66
          </Text>
        </View>
        <View
          onLayout={[Function]}
          style={null}
        >
          <Text
            onPress={[Function]}
            style={
              Object {
                "backgroundColor": "#DBE8D8",
                "borderColor": "black",
                "borderRadius": 6,
                "borderWidth": 2,
                "fontSize": 20,
                "margin": 5,
                "minWidth": "100%",
                "padding": 5,
              }
            }
          >
            Sharella
             Phone : 
            (510)-838-1115
          </Text>
        </View>
        <View
          onLayout={[Function]}
          style={null}
        >
          <Text
            onPress={[Function]}
            style={
              Object {
                "backgroundColor": "#DBE8D8",
                "borderColor": "black",
                "borderRadius": 6,
                "borderWidth": 2,
                "fontSize": 20,
                "margin": 5,
                "minWidth": "100%",
                "padding": 5,
              }
            }
          >
            Kayla
             Phone : 
            0113388 352 8107
          </Text>
        </View>
        <View
          onLayout={[Function]}
          style={null}
        >
          <Text
            onPress={[Function]}
            style={
              Object {
                "backgroundColor": "#DBE8D8",
                "borderColor": "black",
                "borderRadius": 6,
                "borderWidth": 2,
                "fontSize": 20,
                "margin": 5,
                "minWidth": "100%",
                "padding": 5,
              }
            }
          >
            Selma
             Phone : 
            09142282
          </Text>
        </View>
        <View
          onLayout={[Function]}
          style={null}
        >
          <Text
            onPress={[Function]}
            style={
              Object {
                "backgroundColor": "#DBE8D8",
                "borderColor": "black",
                "borderRadius": 6,
                "borderWidth": 2,
                "fontSize": 20,
                "margin": 5,
                "minWidth": "100%",
                "padding": 5,
              }
            }
          >
            Juanita
             Phone : 
            (576)-957-8200
          </Text>
        </View>
        <View
          style={
            Object {
              "height": 0,
            }
          }
        />
      </View>
    </RCTScrollView>
  </View>
</View>
`;
